2025-03-02T15:05:27.327568-03:00 - Booting up service for network Testnet
2025-03-02T15:05:27.327928-03:00 - Starting to receive streamed ledger metas from stellar core
2025-03-02T15:05:28.192644-03:00 - Started online streaming.
2025-03-02T15:08:01.057108-03:00 - Booting up service for network Testnet
2025-03-02T15:08:01.058604-03:00 - Starting to receive streamed ledger metas from stellar core
2025-03-02T15:08:02.629818-03:00 - Started online streaming.
2025-03-02T15:10:34.465215-03:00 - Booting up service for network Testnet
2025-03-02T15:10:34.465511-03:00 - Starting to receive streamed ledger metas from stellar core
2025-03-02T15:10:34.480401-03:00 - Started online streaming.
2025-03-02T15:10:36.278462-03:00 - Booting up service for network Testnet
2025-03-02T15:10:36.278920-03:00 - Starting to receive streamed ledger metas from stellar core
2025-03-02T15:14:57.903373-03:00 - Booting up service for network Testnet
2025-03-02T15:14:57.903860-03:00 - Starting to receive streamed ledger metas from stellar core
2025-03-02T15:15:00.209574-03:00 - Started online streaming.
2025-03-02T15:16:02.734100-03:00 - Booting up service for network Testnet
2025-03-02T15:16:02.734647-03:00 - Starting to receive streamed ledger metas from stellar core
2025-03-02T15:16:02.750903-03:00 - Started online streaming.
2025-03-02T15:16:04.634158-03:00 - Booting up service for network Testnet
2025-03-02T15:16:04.634490-03:00 - Starting to receive streamed ledger metas from stellar core
2025-03-02T15:16:05.305601-03:00 - Started online streaming.
2025-03-02T15:20:27.102775-03:00 - Booting up service for network Testnet
2025-03-02T15:20:27.103769-03:00 - Starting to receive streamed ledger metas from stellar core
2025-03-02T15:20:27.901907-03:00 - Started online streaming.
2025-03-02T15:23:20.596552-03:00 - Booting up service for network Testnet
2025-03-02T15:23:20.598035-03:00 - Starting to receive streamed ledger metas from stellar core
2025-03-02T15:23:21.380444-03:00 - Started online streaming.
2025-03-02T15:26:36.425440-03:00 - Booting up service for network Testnet
2025-03-02T15:26:36.426139-03:00 - Starting to receive streamed ledger metas from stellar core
2025-03-02T15:26:39.064889-03:00 - Started online streaming.
2025-03-02T15:29:37.809922-03:00 - Booting up service for network Testnet
2025-03-02T15:29:37.811104-03:00 - Starting to receive streamed ledger metas from stellar core
2025-03-02T15:29:38.603721-03:00 - Started online streaming.
2025-03-02T15:32:03.063269-03:00 - Booting up service for network Testnet
2025-03-02T15:32:03.063708-03:00 - Starting to receive streamed ledger metas from stellar core
2025-03-02T15:32:03.080129-03:00 - Started online streaming.
2025-03-02T15:32:04.852710-03:00 - Booting up service for network Testnet
2025-03-02T15:32:04.852990-03:00 - Starting to receive streamed ledger metas from stellar core
2025-03-02T15:32:05.521904-03:00 - Started online streaming.
2025-03-02T15:34:55.858215-03:00 - Booting up service for network Testnet
2025-03-02T15:34:55.859468-03:00 - Starting to receive streamed ledger metas from stellar core
2025-03-02T15:34:56.608700-03:00 - Started online streaming.
2025-03-02T15:36:05.286247-03:00 - Booting up service for network Testnet
2025-03-02T15:36:05.287534-03:00 - Starting to receive streamed ledger metas from stellar core
2025-03-02T15:36:06.003736-03:00 - Started online streaming.
2025-03-02T15:36:09.153763-03:00 - Got new meta object.
2025-03-02T15:36:09.154337-03:00 - Forwarding meta object via WebSocket.
2025-03-02T15:36:09.318802-03:00 - Got new meta object.
2025-03-02T15:36:09.319286-03:00 - Forwarding meta object via WebSocket.
2025-03-02T15:36:09.327357-03:00 - Got new meta object.
2025-03-02T15:36:09.327756-03:00 - Forwarding meta object via WebSocket.
2025-03-02T15:36:09.334326-03:00 - Got new meta object.
2025-03-02T15:36:09.334836-03:00 - Forwarding meta object via WebSocket.
2025-03-02T15:36:09.594637-03:00 - Got new meta object.
2025-03-02T15:36:09.595586-03:00 - Forwarding meta object via WebSocket.
2025-03-02T15:36:14.671278-03:00 - Got new meta object.
2025-03-02T15:36:14.671976-03:00 - Forwarding meta object via WebSocket.
2025-03-02T15:36:19.641295-03:00 - Got new meta object.
2025-03-02T15:36:19.641916-03:00 - Forwarding meta object via WebSocket.
2025-03-02T15:36:24.645595-03:00 - Got new meta object.
2025-03-02T15:36:24.645732-03:00 - Forwarding meta object via WebSocket.
2025-03-02T15:36:29.671558-03:00 - Got new meta object.
2025-03-02T15:36:29.671678-03:00 - Forwarding meta object via WebSocket.
2025-03-02T16:02:30.516796-03:00 - Booting up service for network Testnet
2025-03-02T16:02:30.517733-03:00 - Starting to receive streamed ledger metas from stellar core
2025-03-02T16:02:35.323157-03:00 - Started online streaming.
2025-03-02T16:02:40.495031-03:00 - Got new meta object.
2025-03-02T16:02:40.495549-03:00 - Forwarding meta object via WebSocket.
2025-03-02T16:03:12.782276-03:00 - Booting up service for network Testnet
2025-03-02T16:03:12.782429-03:00 - Starting to receive streamed ledger metas from stellar core
2025-03-02T16:03:13.310293-03:00 - Started online streaming.
2025-03-02T16:03:59.614537-03:00 - Got new meta object.
2025-03-02T16:03:59.615115-03:00 - Forwarding meta object via WebSocket.
2025-03-02T16:03:59.624266-03:00 - Got new meta object.
2025-03-02T16:03:59.624842-03:00 - Forwarding meta object via WebSocket.
2025-03-02T16:03:59.632900-03:00 - Got new meta object.
2025-03-02T16:03:59.633394-03:00 - Forwarding meta object via WebSocket.
2025-03-02T16:03:59.641676-03:00 - Got new meta object.
2025-03-02T16:03:59.642125-03:00 - Forwarding meta object via WebSocket.
2025-03-02T16:03:59.650427-03:00 - Got new meta object.
2025-03-02T16:03:59.650858-03:00 - Forwarding meta object via WebSocket.
2025-03-02T16:03:59.658603-03:00 - Got new meta object.
2025-03-02T16:03:59.658712-03:00 - Forwarding meta object via WebSocket.
2025-03-02T16:03:59.666809-03:00 - Got new meta object.
2025-03-02T16:03:59.666890-03:00 - Forwarding meta object via WebSocket.
2025-03-02T16:03:59.674437-03:00 - Got new meta object.
2025-03-02T16:03:59.674526-03:00 - Forwarding meta object via WebSocket.
2025-03-02T16:03:59.681700-03:00 - Got new meta object.
2025-03-02T16:03:59.681773-03:00 - Forwarding meta object via WebSocket.
2025-03-02T16:03:59.689520-03:00 - Got new meta object.
2025-03-02T16:03:59.689619-03:00 - Forwarding meta object via WebSocket.
2025-03-02T16:03:59.698006-03:00 - Got new meta object.
2025-03-02T16:03:59.698460-03:00 - Forwarding meta object via WebSocket.
2025-03-02T16:03:59.707029-03:00 - Got new meta object.
2025-03-02T16:03:59.707462-03:00 - Forwarding meta object via WebSocket.
2025-03-02T16:03:59.715589-03:00 - Got new meta object.
2025-03-02T16:03:59.716013-03:00 - Forwarding meta object via WebSocket.
2025-03-02T16:03:59.722330-03:00 - Got new meta object.
2025-03-02T16:03:59.722442-03:00 - Forwarding meta object via WebSocket.
2025-03-02T16:03:59.730315-03:00 - Got new meta object.
2025-03-02T16:03:59.730723-03:00 - Forwarding meta object via WebSocket.
2025-03-02T16:03:59.738913-03:00 - Got new meta object.
2025-03-02T16:03:59.739415-03:00 - Forwarding meta object via WebSocket.
2025-03-02T16:03:59.746741-03:00 - Got new meta object.
2025-03-02T16:03:59.747125-03:00 - Forwarding meta object via WebSocket.
2025-03-02T16:03:59.755308-03:00 - Got new meta object.
2025-03-02T16:03:59.755486-03:00 - Forwarding meta object via WebSocket.
2025-03-02T16:03:59.762081-03:00 - Got new meta object.
2025-03-02T16:03:59.762143-03:00 - Forwarding meta object via WebSocket.
2025-03-02T16:03:59.768797-03:00 - Got new meta object.
2025-03-02T16:03:59.768921-03:00 - Forwarding meta object via WebSocket.
2025-03-02T16:03:59.775001-03:00 - Got new meta object.
2025-03-02T16:03:59.775050-03:00 - Forwarding meta object via WebSocket.
2025-03-02T16:03:59.781522-03:00 - Got new meta object.
2025-03-02T16:03:59.781595-03:00 - Forwarding meta object via WebSocket.
2025-03-02T16:03:59.790848-03:00 - Got new meta object.
2025-03-02T16:03:59.791448-03:00 - Forwarding meta object via WebSocket.
2025-03-02T16:03:59.800216-03:00 - Got new meta object.
2025-03-02T16:03:59.800783-03:00 - Forwarding meta object via WebSocket.
2025-03-02T16:03:59.808592-03:00 - Got new meta object.
2025-03-02T16:03:59.808992-03:00 - Forwarding meta object via WebSocket.
2025-03-02T16:03:59.816432-03:00 - Got new meta object.
2025-03-02T16:03:59.816898-03:00 - Forwarding meta object via WebSocket.
2025-03-02T16:03:59.824438-03:00 - Got new meta object.
2025-03-02T16:03:59.824953-03:00 - Forwarding meta object via WebSocket.
2025-03-02T16:03:59.833509-03:00 - Got new meta object.
2025-03-02T16:03:59.834124-03:00 - Forwarding meta object via WebSocket.
2025-03-02T16:03:59.839886-03:00 - Got new meta object.
2025-03-02T16:03:59.839935-03:00 - Forwarding meta object via WebSocket.
2025-03-02T16:03:59.846993-03:00 - Got new meta object.
2025-03-02T16:03:59.847071-03:00 - Forwarding meta object via WebSocket.
2025-03-02T16:03:59.852916-03:00 - Got new meta object.
2025-03-02T16:03:59.852954-03:00 - Forwarding meta object via WebSocket.
2025-03-02T16:03:59.857234-03:00 - Got new meta object.
2025-03-02T16:03:59.857335-03:00 - Forwarding meta object via WebSocket.
2025-03-02T16:03:59.862111-03:00 - Got new meta object.
2025-03-02T16:03:59.862217-03:00 - Forwarding meta object via WebSocket.
2025-03-02T16:03:59.865925-03:00 - Got new meta object.
2025-03-02T16:03:59.865990-03:00 - Forwarding meta object via WebSocket.
2025-03-02T16:03:59.871845-03:00 - Got new meta object.
2025-03-02T16:03:59.872293-03:00 - Forwarding meta object via WebSocket.
2025-03-02T16:03:59.881892-03:00 - Got new meta object.
2025-03-02T16:03:59.882315-03:00 - Forwarding meta object via WebSocket.
2025-03-02T16:03:59.892109-03:00 - Got new meta object.
2025-03-02T16:03:59.892518-03:00 - Forwarding meta object via WebSocket.
2025-03-02T16:03:59.897167-03:00 - Got new meta object.
2025-03-02T16:03:59.897641-03:00 - Forwarding meta object via WebSocket.
2025-03-02T16:03:59.903289-03:00 - Got new meta object.
2025-03-02T16:03:59.903777-03:00 - Forwarding meta object via WebSocket.
2025-03-02T16:03:59.910147-03:00 - Got new meta object.
2025-03-02T16:03:59.910664-03:00 - Forwarding meta object via WebSocket.
2025-03-02T16:03:59.914138-03:00 - Got new meta object.
2025-03-02T16:03:59.914216-03:00 - Forwarding meta object via WebSocket.
2025-03-02T16:03:59.916614-03:00 - Got new meta object.
2025-03-02T16:03:59.916711-03:00 - Forwarding meta object via WebSocket.
2025-03-02T16:03:59.918546-03:00 - Got new meta object.
2025-03-02T16:03:59.918619-03:00 - Forwarding meta object via WebSocket.
2025-03-02T16:03:59.920622-03:00 - Got new meta object.
2025-03-02T16:03:59.920712-03:00 - Forwarding meta object via WebSocket.
2025-03-02T16:03:59.922469-03:00 - Got new meta object.
2025-03-02T16:03:59.922589-03:00 - Forwarding meta object via WebSocket.
2025-03-02T16:03:59.926011-03:00 - Got new meta object.
2025-03-02T16:03:59.926480-03:00 - Forwarding meta object via WebSocket.
2025-03-02T16:03:59.929385-03:00 - Got new meta object.
2025-03-02T16:03:59.929863-03:00 - Forwarding meta object via WebSocket.
2025-03-02T16:03:59.933340-03:00 - Got new meta object.
2025-03-02T16:03:59.933871-03:00 - Forwarding meta object via WebSocket.
2025-03-02T16:03:59.936439-03:00 - Got new meta object.
2025-03-02T16:03:59.936846-03:00 - Forwarding meta object via WebSocket.
2025-03-02T16:03:59.940403-03:00 - Got new meta object.
2025-03-02T16:03:59.941008-03:00 - Forwarding meta object via WebSocket.
2025-03-02T16:03:59.943558-03:00 - Got new meta object.
2025-03-02T16:03:59.944015-03:00 - Forwarding meta object via WebSocket.
2025-03-02T16:03:59.945170-03:00 - Got new meta object.
2025-03-02T16:03:59.945239-03:00 - Forwarding meta object via WebSocket.
2025-03-02T16:03:59.946936-03:00 - Got new meta object.
2025-03-02T16:03:59.947049-03:00 - Forwarding meta object via WebSocket.
2025-03-02T16:03:59.948827-03:00 - Got new meta object.
2025-03-02T16:03:59.948949-03:00 - Forwarding meta object via WebSocket.
2025-03-02T16:03:59.950761-03:00 - Got new meta object.
2025-03-02T16:03:59.950831-03:00 - Forwarding meta object via WebSocket.
2025-03-02T16:03:59.952662-03:00 - Got new meta object.
2025-03-02T16:03:59.952807-03:00 - Forwarding meta object via WebSocket.
2025-03-02T16:03:59.955603-03:00 - Got new meta object.
2025-03-02T16:03:59.955991-03:00 - Forwarding meta object via WebSocket.
2025-03-02T16:03:59.958741-03:00 - Got new meta object.
2025-03-02T16:03:59.959132-03:00 - Forwarding meta object via WebSocket.
2025-03-02T16:03:59.961788-03:00 - Got new meta object.
2025-03-02T16:03:59.962231-03:00 - Forwarding meta object via WebSocket.
2025-03-02T16:03:59.964938-03:00 - Got new meta object.
2025-03-02T16:03:59.965384-03:00 - Forwarding meta object via WebSocket.
2025-03-02T16:03:59.967946-03:00 - Got new meta object.
2025-03-02T16:03:59.968390-03:00 - Forwarding meta object via WebSocket.
2025-03-02T16:03:59.971090-03:00 - Got new meta object.
2025-03-02T16:03:59.971602-03:00 - Forwarding meta object via WebSocket.
2025-03-02T16:03:59.972498-03:00 - Got new meta object.
2025-03-02T16:03:59.972553-03:00 - Forwarding meta object via WebSocket.
2025-03-02T16:03:59.975040-03:00 - Got new meta object.
2025-03-02T16:03:59.975168-03:00 - Forwarding meta object via WebSocket.
2025-03-02T16:03:59.976940-03:00 - Got new meta object.
2025-03-02T16:03:59.976988-03:00 - Forwarding meta object via WebSocket.
2025-03-02T16:04:02.341244-03:00 - Got new meta object.
2025-03-02T16:04:02.341549-03:00 - Forwarding meta object via WebSocket.
2025-03-02T16:04:07.354953-03:00 - Got new meta object.
2025-03-02T16:04:07.355181-03:00 - Forwarding meta object via WebSocket.
2025-03-02T16:04:12.332456-03:00 - Got new meta object.
2025-03-02T16:04:12.333204-03:00 - Forwarding meta object via WebSocket.
2025-03-02T16:04:17.338612-03:00 - Got new meta object.
2025-03-02T16:04:17.339413-03:00 - Forwarding meta object via WebSocket.
2025-03-02T16:04:22.342870-03:00 - Got new meta object.
2025-03-02T16:04:22.343576-03:00 - Forwarding meta object via WebSocket.
2025-03-02T16:04:27.361747-03:00 - Got new meta object.
2025-03-02T16:04:27.362420-03:00 - Forwarding meta object via WebSocket.
2025-03-02T16:04:32.367578-03:00 - Got new meta object.
2025-03-02T16:04:32.368164-03:00 - Forwarding meta object via WebSocket.
2025-03-02T16:04:37.372998-03:00 - Got new meta object.
2025-03-02T16:04:37.373674-03:00 - Forwarding meta object via WebSocket.
2025-03-02T16:04:42.371129-03:00 - Got new meta object.
2025-03-02T16:04:42.371491-03:00 - Forwarding meta object via WebSocket.
2025-03-02T16:04:47.380416-03:00 - Got new meta object.
2025-03-02T16:04:47.380552-03:00 - Forwarding meta object via WebSocket.
2025-03-02T16:04:52.381045-03:00 - Got new meta object.
2025-03-02T16:04:52.381284-03:00 - Forwarding meta object via WebSocket.
2025-03-02T16:04:57.380322-03:00 - Got new meta object.
2025-03-02T16:04:57.380782-03:00 - Forwarding meta object via WebSocket.
2025-03-02T16:05:02.376252-03:00 - Got new meta object.
2025-03-02T16:05:02.376412-03:00 - Forwarding meta object via WebSocket.
2025-03-02T16:05:07.384935-03:00 - Got new meta object.
2025-03-02T16:05:07.386089-03:00 - Forwarding meta object via WebSocket.
2025-03-02T16:05:12.435586-03:00 - Got new meta object.
2025-03-02T16:05:12.436134-03:00 - Forwarding meta object via WebSocket.
2025-03-02T16:05:17.438749-03:00 - Got new meta object.
2025-03-02T16:05:17.439198-03:00 - Forwarding meta object via WebSocket.
2025-03-02T16:05:22.457092-03:00 - Got new meta object.
2025-03-02T16:05:22.457613-03:00 - Forwarding meta object via WebSocket.
2025-03-02T16:05:27.474909-03:00 - Got new meta object.
2025-03-02T16:05:27.475589-03:00 - Forwarding meta object via WebSocket.
2025-03-02T16:05:32.473811-03:00 - Got new meta object.
2025-03-02T16:05:32.474339-03:00 - Forwarding meta object via WebSocket.
2025-03-02T16:05:37.464186-03:00 - Got new meta object.
2025-03-02T16:05:37.464419-03:00 - Forwarding meta object via WebSocket.
2025-03-02T16:05:42.467224-03:00 - Got new meta object.
2025-03-02T16:05:42.467560-03:00 - Forwarding meta object via WebSocket.
2025-03-02T16:05:47.477465-03:00 - Got new meta object.
2025-03-02T16:05:47.477802-03:00 - Forwarding meta object via WebSocket.
2025-03-02T16:05:52.472635-03:00 - Got new meta object.
2025-03-02T16:05:52.473031-03:00 - Forwarding meta object via WebSocket.
2025-03-02T16:05:57.469653-03:00 - Got new meta object.
2025-03-02T16:05:57.469937-03:00 - Forwarding meta object via WebSocket.
2025-03-02T16:06:02.481235-03:00 - Got new meta object.
2025-03-02T16:06:02.482541-03:00 - Forwarding meta object via WebSocket.
2025-03-02T16:06:07.519570-03:00 - Got new meta object.
2025-03-02T16:06:07.520628-03:00 - Forwarding meta object via WebSocket.
2025-03-02T16:06:12.528704-03:00 - Got new meta object.
2025-03-02T16:06:12.529748-03:00 - Forwarding meta object via WebSocket.
2025-03-02T16:06:17.612950-03:00 - Got new meta object.
2025-03-02T16:06:17.613627-03:00 - Forwarding meta object via WebSocket.
2025-03-02T16:06:22.549232-03:00 - Got new meta object.
2025-03-02T16:06:22.549978-03:00 - Forwarding meta object via WebSocket.
2025-03-02T16:06:27.546287-03:00 - Got new meta object.
2025-03-02T16:06:27.546801-03:00 - Forwarding meta object via WebSocket.
2025-03-02T16:06:32.642090-03:00 - Got new meta object.
2025-03-02T16:06:32.642232-03:00 - Forwarding meta object via WebSocket.
2025-03-02T16:06:37.547509-03:00 - Got new meta object.
2025-03-02T16:06:37.547724-03:00 - Forwarding meta object via WebSocket.
2025-03-02T16:06:42.561011-03:00 - Got new meta object.
2025-03-02T16:06:42.561145-03:00 - Forwarding meta object via WebSocket.
2025-03-02T16:06:47.551056-03:00 - Got new meta object.
2025-03-02T16:06:47.551256-03:00 - Forwarding meta object via WebSocket.
2025-03-02T16:06:52.556657-03:00 - Got new meta object.
2025-03-02T16:06:52.556939-03:00 - Forwarding meta object via WebSocket.
2025-03-02T16:06:57.583918-03:00 - Got new meta object.
2025-03-02T16:06:57.584572-03:00 - Forwarding meta object via WebSocket.
2025-03-02T16:07:02.659745-03:00 - Got new meta object.
2025-03-02T16:07:02.660878-03:00 - Forwarding meta object via WebSocket.
2025-03-02T16:07:07.612277-03:00 - Got new meta object.
2025-03-02T16:07:07.613750-03:00 - Forwarding meta object via WebSocket.
2025-03-02T16:07:12.625829-03:00 - Got new meta object.
2025-03-02T16:07:12.627206-03:00 - Forwarding meta object via WebSocket.
2025-03-02T16:07:17.628981-03:00 - Got new meta object.
2025-03-02T16:07:17.630489-03:00 - Forwarding meta object via WebSocket.
2025-03-02T16:07:22.639468-03:00 - Got new meta object.
2025-03-02T16:07:22.640052-03:00 - Forwarding meta object via WebSocket.
2025-03-02T16:07:27.642704-03:00 - Got new meta object.
2025-03-02T16:07:27.642893-03:00 - Forwarding meta object via WebSocket.
2025-03-02T16:07:32.645089-03:00 - Got new meta object.
2025-03-02T16:07:32.645341-03:00 - Forwarding meta object via WebSocket.
2025-03-02T16:07:37.651684-03:00 - Got new meta object.
2025-03-02T16:07:37.651955-03:00 - Forwarding meta object via WebSocket.
2025-03-02T16:07:42.658110-03:00 - Got new meta object.
2025-03-02T16:07:42.658352-03:00 - Forwarding meta object via WebSocket.
2025-03-02T16:07:47.663798-03:00 - Got new meta object.
2025-03-02T16:07:47.664042-03:00 - Forwarding meta object via WebSocket.
2025-03-02T16:07:52.673405-03:00 - Got new meta object.
2025-03-02T16:07:52.674408-03:00 - Forwarding meta object via WebSocket.
2025-03-02T16:07:57.718034-03:00 - Got new meta object.
2025-03-02T16:07:57.718791-03:00 - Forwarding meta object via WebSocket.
2025-03-02T16:08:02.716842-03:00 - Got new meta object.
2025-03-02T16:08:02.717912-03:00 - Forwarding meta object via WebSocket.
2025-03-02T16:08:07.731501-03:00 - Got new meta object.
2025-03-02T16:08:07.732334-03:00 - Forwarding meta object via WebSocket.
2025-03-02T16:08:12.754223-03:00 - Got new meta object.
2025-03-02T16:08:12.755590-03:00 - Forwarding meta object via WebSocket.
2025-03-02T16:08:17.752507-03:00 - Got new meta object.
2025-03-02T16:08:17.753484-03:00 - Forwarding meta object via WebSocket.
2025-03-02T16:08:22.735008-03:00 - Got new meta object.
2025-03-02T16:08:22.735223-03:00 - Forwarding meta object via WebSocket.
2025-03-02T16:08:27.734011-03:00 - Got new meta object.
2025-03-02T16:08:27.734188-03:00 - Forwarding meta object via WebSocket.
2025-03-02T16:08:32.738324-03:00 - Got new meta object.
2025-03-02T16:08:32.738686-03:00 - Forwarding meta object via WebSocket.
2025-03-02T16:08:37.748910-03:00 - Got new meta object.
2025-03-02T16:08:37.749055-03:00 - Forwarding meta object via WebSocket.
2025-03-02T16:08:42.740783-03:00 - Got new meta object.
2025-03-02T16:08:42.741026-03:00 - Forwarding meta object via WebSocket.
2025-03-02T16:08:47.754848-03:00 - Got new meta object.
2025-03-02T16:08:47.755777-03:00 - Forwarding meta object via WebSocket.
2025-03-02T16:08:52.763205-03:00 - Got new meta object.
2025-03-02T16:08:52.764326-03:00 - Forwarding meta object via WebSocket.
2025-03-02T16:08:57.766012-03:00 - Got new meta object.
2025-03-02T16:08:57.766530-03:00 - Forwarding meta object via WebSocket.
2025-03-02T16:09:02.771933-03:00 - Got new meta object.
2025-03-02T16:09:02.773066-03:00 - Forwarding meta object via WebSocket.
2025-03-02T16:09:07.813387-03:00 - Got new meta object.
2025-03-02T16:09:07.814133-03:00 - Forwarding meta object via WebSocket.
2025-03-02T16:09:12.834564-03:00 - Got new meta object.
2025-03-02T16:09:12.835876-03:00 - Forwarding meta object via WebSocket.
2025-03-02T16:09:17.815748-03:00 - Got new meta object.
2025-03-02T16:09:17.815885-03:00 - Forwarding meta object via WebSocket.
2025-03-02T16:09:22.826494-03:00 - Got new meta object.
2025-03-02T16:09:22.826850-03:00 - Forwarding meta object via WebSocket.
2025-03-02T16:09:27.829058-03:00 - Got new meta object.
2025-03-02T16:09:27.829558-03:00 - Forwarding meta object via WebSocket.
2025-03-02T16:09:32.827450-03:00 - Got new meta object.
2025-03-02T16:09:32.827747-03:00 - Forwarding meta object via WebSocket.
2025-03-02T16:09:37.820559-03:00 - Got new meta object.
2025-03-02T16:09:37.820862-03:00 - Forwarding meta object via WebSocket.
2025-03-02T16:09:42.836010-03:00 - Got new meta object.
2025-03-02T16:09:42.837092-03:00 - Forwarding meta object via WebSocket.
2025-03-02T16:09:47.892261-03:00 - Got new meta object.
2025-03-02T16:09:47.893137-03:00 - Forwarding meta object via WebSocket.
2025-03-02T16:09:52.881391-03:00 - Got new meta object.
2025-03-02T16:09:52.882309-03:00 - Forwarding meta object via WebSocket.
2025-03-02T16:09:57.889678-03:00 - Got new meta object.
2025-03-02T16:09:57.890370-03:00 - Forwarding meta object via WebSocket.
2025-03-02T16:10:02.903254-03:00 - Got new meta object.
2025-03-02T16:10:02.904662-03:00 - Forwarding meta object via WebSocket.
2025-03-02T16:10:07.913389-03:00 - Got new meta object.
2025-03-02T16:10:07.914384-03:00 - Forwarding meta object via WebSocket.
2025-03-02T16:10:12.904219-03:00 - Got new meta object.
2025-03-02T16:10:12.904546-03:00 - Forwarding meta object via WebSocket.
2025-03-02T16:10:17.916568-03:00 - Got new meta object.
2025-03-02T16:10:17.916857-03:00 - Forwarding meta object via WebSocket.
2025-03-02T16:10:22.927791-03:00 - Got new meta object.
2025-03-02T16:10:22.928067-03:00 - Forwarding meta object via WebSocket.
2025-03-02T16:10:27.937251-03:00 - Got new meta object.
2025-03-02T16:10:27.938048-03:00 - Forwarding meta object via WebSocket.
2025-03-02T16:10:32.933585-03:00 - Got new meta object.
2025-03-02T16:10:32.933894-03:00 - Forwarding meta object via WebSocket.
2025-03-02T16:10:37.944437-03:00 - Got new meta object.
2025-03-02T16:10:37.945462-03:00 - Forwarding meta object via WebSocket.
2025-03-02T16:10:42.952181-03:00 - Got new meta object.
2025-03-02T16:10:42.953543-03:00 - Forwarding meta object via WebSocket.
2025-03-02T16:10:47.977494-03:00 - Got new meta object.
2025-03-02T16:10:47.978618-03:00 - Forwarding meta object via WebSocket.
2025-03-02T16:10:52.994472-03:00 - Got new meta object.
2025-03-02T16:10:52.995680-03:00 - Forwarding meta object via WebSocket.
2025-03-02T16:10:57.994373-03:00 - Got new meta object.
2025-03-02T16:10:57.995560-03:00 - Forwarding meta object via WebSocket.
2025-03-02T16:11:02.993823-03:00 - Got new meta object.
2025-03-02T16:11:02.994092-03:00 - Forwarding meta object via WebSocket.
2025-03-02T16:11:08.000566-03:00 - Got new meta object.
2025-03-02T16:11:08.001656-03:00 - Forwarding meta object via WebSocket.
2025-03-02T16:11:12.997285-03:00 - Got new meta object.
2025-03-02T16:11:12.997410-03:00 - Forwarding meta object via WebSocket.
2025-03-02T16:11:18.005313-03:00 - Got new meta object.
2025-03-02T16:11:18.005639-03:00 - Forwarding meta object via WebSocket.
2025-03-02T16:11:23.001024-03:00 - Got new meta object.
2025-03-02T16:11:23.001260-03:00 - Forwarding meta object via WebSocket.
2025-03-02T16:11:28.008107-03:00 - Got new meta object.
2025-03-02T16:11:28.008290-03:00 - Forwarding meta object via WebSocket.
2025-03-02T16:11:33.013410-03:00 - Got new meta object.
2025-03-02T16:11:33.013865-03:00 - Forwarding meta object via WebSocket.
2025-03-02T16:11:38.031569-03:00 - Got new meta object.
2025-03-02T16:11:38.032518-03:00 - Forwarding meta object via WebSocket.
2025-03-02T16:11:43.065843-03:00 - Got new meta object.
2025-03-02T16:11:43.067003-03:00 - Forwarding meta object via WebSocket.
2025-03-02T16:11:48.062323-03:00 - Got new meta object.
2025-03-02T16:11:48.063637-03:00 - Forwarding meta object via WebSocket.
2025-03-02T16:11:53.088657-03:00 - Got new meta object.
2025-03-02T16:11:53.089898-03:00 - Forwarding meta object via WebSocket.
2025-03-02T16:11:58.097059-03:00 - Got new meta object.
2025-03-02T16:11:58.098050-03:00 - Forwarding meta object via WebSocket.
2025-03-02T16:12:03.128696-03:00 - Got new meta object.
2025-03-02T16:12:03.129374-03:00 - Forwarding meta object via WebSocket.
2025-03-02T16:12:08.138803-03:00 - Got new meta object.
2025-03-02T16:12:08.138886-03:00 - Forwarding meta object via WebSocket.
2025-03-02T16:12:13.131905-03:00 - Got new meta object.
2025-03-02T16:12:13.132309-03:00 - Forwarding meta object via WebSocket.
2025-03-02T16:12:18.101006-03:00 - Got new meta object.
2025-03-02T16:12:18.101164-03:00 - Forwarding meta object via WebSocket.
2025-03-02T16:12:23.098087-03:00 - Got new meta object.
2025-03-02T16:12:23.098402-03:00 - Forwarding meta object via WebSocket.
2025-03-02T16:12:28.102500-03:00 - Got new meta object.
2025-03-02T16:12:28.102713-03:00 - Forwarding meta object via WebSocket.
2025-03-02T16:12:33.113811-03:00 - Got new meta object.
2025-03-02T16:12:33.114986-03:00 - Forwarding meta object via WebSocket.
2025-03-02T16:12:38.117166-03:00 - Got new meta object.
2025-03-02T16:12:38.117946-03:00 - Forwarding meta object via WebSocket.
2025-03-02T16:12:43.146325-03:00 - Got new meta object.
2025-03-02T16:12:43.147217-03:00 - Forwarding meta object via WebSocket.
2025-03-02T16:12:48.153542-03:00 - Got new meta object.
2025-03-02T16:12:48.154551-03:00 - Forwarding meta object via WebSocket.
2025-03-02T16:12:53.159600-03:00 - Got new meta object.
2025-03-02T16:12:53.160706-03:00 - Forwarding meta object via WebSocket.
2025-03-02T16:12:58.157105-03:00 - Got new meta object.
2025-03-02T16:12:58.158515-03:00 - Forwarding meta object via WebSocket.
2025-03-02T16:13:03.157589-03:00 - Got new meta object.
2025-03-02T16:13:03.157866-03:00 - Forwarding meta object via WebSocket.
2025-03-02T16:13:08.161267-03:00 - Got new meta object.
2025-03-02T16:13:08.161522-03:00 - Forwarding meta object via WebSocket.
2025-03-02T16:13:13.168927-03:00 - Got new meta object.
2025-03-02T16:13:13.169390-03:00 - Forwarding meta object via WebSocket.
2025-03-02T16:13:18.162850-03:00 - Got new meta object.
2025-03-02T16:13:18.163012-03:00 - Forwarding meta object via WebSocket.
2025-03-02T16:13:23.170051-03:00 - Got new meta object.
2025-03-02T16:13:23.170369-03:00 - Forwarding meta object via WebSocket.
2025-03-02T16:13:28.196157-03:00 - Got new meta object.
2025-03-02T16:13:28.196749-03:00 - Forwarding meta object via WebSocket.
2025-03-02T16:13:33.252675-03:00 - Got new meta object.
2025-03-02T16:13:33.253458-03:00 - Forwarding meta object via WebSocket.
2025-03-02T16:13:38.252929-03:00 - Got new meta object.
2025-03-02T16:13:38.253755-03:00 - Forwarding meta object via WebSocket.
2025-03-02T16:13:43.253892-03:00 - Got new meta object.
2025-03-02T16:13:43.255085-03:00 - Forwarding meta object via WebSocket.
2025-03-02T16:13:48.259651-03:00 - Got new meta object.
2025-03-02T16:13:48.260731-03:00 - Forwarding meta object via WebSocket.
2025-03-02T16:13:53.264665-03:00 - Got new meta object.
2025-03-02T16:13:53.266065-03:00 - Forwarding meta object via WebSocket.
2025-03-02T16:13:58.310111-03:00 - Got new meta object.
2025-03-02T16:13:58.310211-03:00 - Forwarding meta object via WebSocket.
2025-03-02T16:14:03.317843-03:00 - Got new meta object.
2025-03-02T16:14:03.318186-03:00 - Forwarding meta object via WebSocket.
2025-03-02T16:14:08.250424-03:00 - Got new meta object.
2025-03-02T16:14:08.250582-03:00 - Forwarding meta object via WebSocket.
2025-03-02T16:14:13.354768-03:00 - Got new meta object.
2025-03-02T16:14:13.354987-03:00 - Forwarding meta object via WebSocket.
2025-03-02T16:14:18.291526-03:00 - Got new meta object.
2025-03-02T16:14:18.291677-03:00 - Forwarding meta object via WebSocket.
2025-03-02T16:14:23.304913-03:00 - Got new meta object.
2025-03-02T16:14:23.305233-03:00 - Forwarding meta object via WebSocket.
2025-03-02T16:14:28.302351-03:00 - Got new meta object.
2025-03-02T16:14:28.302826-03:00 - Forwarding meta object via WebSocket.
2025-03-02T16:14:33.272768-03:00 - Got new meta object.
2025-03-02T16:14:33.273526-03:00 - Forwarding meta object via WebSocket.
2025-03-02T16:14:38.360304-03:00 - Got new meta object.
2025-03-02T16:14:38.361361-03:00 - Forwarding meta object via WebSocket.
2025-03-02T16:14:43.336679-03:00 - Got new meta object.
2025-03-02T16:14:43.337532-03:00 - Forwarding meta object via WebSocket.
2025-03-02T16:14:48.339414-03:00 - Got new meta object.
2025-03-02T16:14:48.339961-03:00 - Forwarding meta object via WebSocket.
2025-03-02T16:14:53.377333-03:00 - Got new meta object.
2025-03-02T16:14:53.378450-03:00 - Forwarding meta object via WebSocket.
2025-03-02T16:14:58.365992-03:00 - Got new meta object.
2025-03-02T16:14:58.366161-03:00 - Forwarding meta object via WebSocket.
2025-03-02T16:15:03.360974-03:00 - Got new meta object.
2025-03-02T16:15:03.361096-03:00 - Forwarding meta object via WebSocket.
2025-03-02T16:15:08.363475-03:00 - Got new meta object.
2025-03-02T16:15:08.363734-03:00 - Forwarding meta object via WebSocket.
2025-03-02T16:15:13.370587-03:00 - Got new meta object.
2025-03-02T16:15:13.371077-03:00 - Forwarding meta object via WebSocket.
2025-03-02T16:15:18.513864-03:00 - Got new meta object.
2025-03-02T16:15:18.514232-03:00 - Forwarding meta object via WebSocket.
2025-03-02T16:15:23.410694-03:00 - Got new meta object.
2025-03-02T16:15:23.412411-03:00 - Forwarding meta object via WebSocket.
2025-03-02T16:15:28.438384-03:00 - Got new meta object.
2025-03-02T16:15:28.440129-03:00 - Forwarding meta object via WebSocket.
2025-03-02T16:15:33.424637-03:00 - Got new meta object.
2025-03-02T16:15:33.426686-03:00 - Forwarding meta object via WebSocket.
2025-03-02T16:15:38.477925-03:00 - Got new meta object.
2025-03-02T16:15:38.479031-03:00 - Forwarding meta object via WebSocket.
2025-03-02T16:15:43.442224-03:00 - Got new meta object.
2025-03-02T16:15:43.443097-03:00 - Forwarding meta object via WebSocket.
2025-03-02T16:15:48.463087-03:00 - Got new meta object.
2025-03-02T16:15:48.464264-03:00 - Forwarding meta object via WebSocket.
2025-03-02T16:15:53.455244-03:00 - Got new meta object.
2025-03-02T16:15:53.455971-03:00 - Forwarding meta object via WebSocket.
2025-03-02T16:15:58.454631-03:00 - Got new meta object.
2025-03-02T16:15:58.454978-03:00 - Forwarding meta object via WebSocket.
2025-03-02T16:16:03.461753-03:00 - Got new meta object.
2025-03-02T16:16:03.461992-03:00 - Forwarding meta object via WebSocket.
2025-03-02T16:16:08.464519-03:00 - Got new meta object.
2025-03-02T16:16:08.464799-03:00 - Forwarding meta object via WebSocket.
2025-03-02T16:16:13.469028-03:00 - Got new meta object.
2025-03-02T16:16:13.469510-03:00 - Forwarding meta object via WebSocket.
2025-03-02T16:16:18.511136-03:00 - Got new meta object.
2025-03-02T16:16:18.511917-03:00 - Forwarding meta object via WebSocket.
2025-03-02T16:16:23.518697-03:00 - Got new meta object.
2025-03-02T16:16:23.519825-03:00 - Forwarding meta object via WebSocket.
2025-03-02T16:16:28.545003-03:00 - Got new meta object.
2025-03-02T16:16:28.545458-03:00 - Forwarding meta object via WebSocket.
2025-03-02T16:16:33.560118-03:00 - Got new meta object.
2025-03-02T16:16:33.560978-03:00 - Forwarding meta object via WebSocket.
2025-03-02T16:16:38.539347-03:00 - Got new meta object.
2025-03-02T16:16:38.540420-03:00 - Forwarding meta object via WebSocket.
2025-03-02T16:16:43.543178-03:00 - Got new meta object.
2025-03-02T16:16:43.544340-03:00 - Forwarding meta object via WebSocket.
2025-03-02T16:16:48.542152-03:00 - Got new meta object.
2025-03-02T16:16:48.542490-03:00 - Forwarding meta object via WebSocket.
2025-03-02T16:16:53.641029-03:00 - Got new meta object.
2025-03-02T16:16:53.641415-03:00 - Forwarding meta object via WebSocket.
2025-03-02T16:16:58.650737-03:00 - Got new meta object.
2025-03-02T16:16:58.651005-03:00 - Forwarding meta object via WebSocket.
2025-03-02T16:17:03.559915-03:00 - Got new meta object.
2025-03-02T16:17:03.560272-03:00 - Forwarding meta object via WebSocket.
2025-03-02T16:17:08.597539-03:00 - Got new meta object.
2025-03-02T16:17:08.597786-03:00 - Forwarding meta object via WebSocket.
2025-03-02T16:17:13.589808-03:00 - Got new meta object.
2025-03-02T16:17:13.590438-03:00 - Forwarding meta object via WebSocket.
2025-03-02T16:17:18.560309-03:00 - Got new meta object.
2025-03-02T16:17:18.561531-03:00 - Forwarding meta object via WebSocket.
2025-03-02T16:17:23.599394-03:00 - Got new meta object.
2025-03-02T16:17:23.600481-03:00 - Forwarding meta object via WebSocket.
2025-03-02T16:17:28.586658-03:00 - Got new meta object.
2025-03-02T16:17:28.587079-03:00 - Forwarding meta object via WebSocket.
2025-03-02T16:17:33.569641-03:00 - Got new meta object.
2025-03-02T16:17:33.570690-03:00 - Forwarding meta object via WebSocket.
2025-03-02T16:17:38.576939-03:00 - Got new meta object.
2025-03-02T16:17:38.577736-03:00 - Forwarding meta object via WebSocket.
2025-03-02T16:17:43.574332-03:00 - Got new meta object.
2025-03-02T16:17:43.574991-03:00 - Forwarding meta object via WebSocket.
2025-03-02T16:17:48.586508-03:00 - Got new meta object.
2025-03-02T16:17:48.586940-03:00 - Forwarding meta object via WebSocket.
2025-03-02T16:17:53.591304-03:00 - Got new meta object.
2025-03-02T16:17:53.591790-03:00 - Forwarding meta object via WebSocket.
2025-03-02T16:17:58.584571-03:00 - Got new meta object.
2025-03-02T16:17:58.584762-03:00 - Forwarding meta object via WebSocket.
2025-03-02T16:18:03.574591-03:00 - Got new meta object.
2025-03-02T16:18:03.574901-03:00 - Forwarding meta object via WebSocket.
2025-03-02T16:18:08.588819-03:00 - Got new meta object.
2025-03-02T16:18:08.589772-03:00 - Forwarding meta object via WebSocket.
2025-03-02T16:18:13.630763-03:00 - Got new meta object.
2025-03-02T16:18:13.631841-03:00 - Forwarding meta object via WebSocket.
2025-03-02T16:18:18.594735-03:00 - Got new meta object.
2025-03-02T16:18:18.595831-03:00 - Forwarding meta object via WebSocket.
2025-03-02T16:18:23.706013-03:00 - Got new meta object.
2025-03-02T16:18:23.707492-03:00 - Forwarding meta object via WebSocket.
2025-03-02T16:18:28.781904-03:00 - Got new meta object.
2025-03-02T16:18:28.782774-03:00 - Forwarding meta object via WebSocket.
2025-03-02T16:18:33.737737-03:00 - Got new meta object.
2025-03-02T16:18:33.738794-03:00 - Forwarding meta object via WebSocket.
2025-03-02T16:18:38.744793-03:00 - Got new meta object.
2025-03-02T16:18:38.745056-03:00 - Forwarding meta object via WebSocket.
2025-03-02T16:18:43.724631-03:00 - Got new meta object.
2025-03-02T16:18:43.724867-03:00 - Forwarding meta object via WebSocket.
2025-03-02T16:18:48.729326-03:00 - Got new meta object.
2025-03-02T16:18:48.729627-03:00 - Forwarding meta object via WebSocket.
2025-03-02T16:18:53.717527-03:00 - Got new meta object.
2025-03-02T16:18:53.717753-03:00 - Forwarding meta object via WebSocket.
2025-03-02T16:18:58.738587-03:00 - Got new meta object.
2025-03-02T16:18:58.738754-03:00 - Forwarding meta object via WebSocket.
2025-03-02T16:19:03.743192-03:00 - Got new meta object.
2025-03-02T16:19:03.744843-03:00 - Forwarding meta object via WebSocket.
2025-03-02T16:19:08.779976-03:00 - Got new meta object.
2025-03-02T16:19:08.781368-03:00 - Forwarding meta object via WebSocket.
2025-03-02T16:19:13.840657-03:00 - Got new meta object.
2025-03-02T16:19:13.842122-03:00 - Forwarding meta object via WebSocket.
2025-03-02T16:19:18.855738-03:00 - Got new meta object.
2025-03-02T16:19:18.856748-03:00 - Forwarding meta object via WebSocket.
2025-03-02T16:19:23.818006-03:00 - Got new meta object.
2025-03-02T16:19:23.819502-03:00 - Forwarding meta object via WebSocket.
2025-03-02T16:19:28.839813-03:00 - Got new meta object.
2025-03-02T16:19:28.840532-03:00 - Forwarding meta object via WebSocket.
2025-03-02T16:19:33.823284-03:00 - Got new meta object.
2025-03-02T16:19:33.823565-03:00 - Forwarding meta object via WebSocket.
2025-03-02T16:19:38.829457-03:00 - Got new meta object.
2025-03-02T16:19:38.829587-03:00 - Forwarding meta object via WebSocket.
2025-03-02T16:19:43.829199-03:00 - Got new meta object.
2025-03-02T16:19:43.829496-03:00 - Forwarding meta object via WebSocket.
2025-03-02T16:19:48.806974-03:00 - Got new meta object.
2025-03-02T16:19:48.807061-03:00 - Forwarding meta object via WebSocket.
2025-03-02T16:19:53.809252-03:00 - Got new meta object.
2025-03-02T16:19:53.809387-03:00 - Forwarding meta object via WebSocket.
2025-03-02T16:19:58.814692-03:00 - Got new meta object.
2025-03-02T16:19:58.815208-03:00 - Forwarding meta object via WebSocket.
2025-03-02T16:20:03.873095-03:00 - Got new meta object.
2025-03-02T16:20:03.873784-03:00 - Forwarding meta object via WebSocket.
2025-03-02T16:20:08.837417-03:00 - Got new meta object.
2025-03-02T16:20:08.838410-03:00 - Forwarding meta object via WebSocket.
2025-03-02T16:20:13.870538-03:00 - Got new meta object.
2025-03-02T16:20:13.871293-03:00 - Forwarding meta object via WebSocket.
2025-03-02T16:20:18.965236-03:00 - Got new meta object.
2025-03-02T16:20:18.966135-03:00 - Forwarding meta object via WebSocket.
2025-03-02T16:20:23.904219-03:00 - Got new meta object.
2025-03-02T16:20:23.905302-03:00 - Forwarding meta object via WebSocket.
2025-03-02T16:20:28.903395-03:00 - Got new meta object.
2025-03-02T16:20:28.904117-03:00 - Forwarding meta object via WebSocket.
2025-03-02T16:20:33.908236-03:00 - Got new meta object.
2025-03-02T16:20:33.908644-03:00 - Forwarding meta object via WebSocket.
2025-03-02T16:20:38.911104-03:00 - Got new meta object.
2025-03-02T16:20:38.911257-03:00 - Forwarding meta object via WebSocket.
2025-03-02T16:20:43.912275-03:00 - Got new meta object.
2025-03-02T16:20:43.912636-03:00 - Forwarding meta object via WebSocket.
2025-03-02T16:20:48.949819-03:00 - Got new meta object.
2025-03-02T16:20:48.950071-03:00 - Forwarding meta object via WebSocket.
2025-03-02T16:20:53.950030-03:00 - Got new meta object.
2025-03-02T16:20:53.951232-03:00 - Forwarding meta object via WebSocket.
2025-03-02T16:20:58.954036-03:00 - Got new meta object.
2025-03-02T16:20:58.954990-03:00 - Forwarding meta object via WebSocket.
2025-03-02T16:21:03.966520-03:00 - Got new meta object.
2025-03-02T16:21:03.967967-03:00 - Forwarding meta object via WebSocket.
2025-03-02T16:21:08.971740-03:00 - Got new meta object.
2025-03-02T16:21:08.972831-03:00 - Forwarding meta object via WebSocket.
2025-03-02T16:21:13.973799-03:00 - Got new meta object.
2025-03-02T16:21:13.975174-03:00 - Forwarding meta object via WebSocket.
2025-03-02T16:21:18.994441-03:00 - Got new meta object.
2025-03-02T16:21:18.995376-03:00 - Forwarding meta object via WebSocket.
2025-03-02T16:21:23.991945-03:00 - Got new meta object.
2025-03-02T16:21:23.992273-03:00 - Forwarding meta object via WebSocket.
2025-03-02T16:21:28.976615-03:00 - Got new meta object.
2025-03-02T16:21:28.976819-03:00 - Forwarding meta object via WebSocket.
2025-03-02T16:21:33.991722-03:00 - Got new meta object.
2025-03-02T16:21:33.991947-03:00 - Forwarding meta object via WebSocket.
2025-03-02T16:21:38.997965-03:00 - Got new meta object.
2025-03-02T16:21:38.998169-03:00 - Forwarding meta object via WebSocket.
2025-03-02T16:21:44.054414-03:00 - Got new meta object.
2025-03-02T16:21:44.054640-03:00 - Forwarding meta object via WebSocket.
2025-03-02T16:21:49.028581-03:00 - Got new meta object.
2025-03-02T16:21:49.029021-03:00 - Forwarding meta object via WebSocket.
2025-03-02T16:21:54.054123-03:00 - Got new meta object.
2025-03-02T16:21:54.055010-03:00 - Forwarding meta object via WebSocket.
2025-03-02T16:21:59.001869-03:00 - Got new meta object.
2025-03-02T16:21:59.002794-03:00 - Forwarding meta object via WebSocket.
2025-03-02T16:22:04.113555-03:00 - Got new meta object.
2025-03-02T16:22:04.114529-03:00 - Forwarding meta object via WebSocket.
2025-03-02T16:22:09.150427-03:00 - Got new meta object.
2025-03-02T16:22:09.151218-03:00 - Forwarding meta object via WebSocket.
2025-03-02T16:22:14.124284-03:00 - Got new meta object.
2025-03-02T16:22:14.124913-03:00 - Forwarding meta object via WebSocket.
2025-03-02T16:22:19.117466-03:00 - Got new meta object.
2025-03-02T16:22:19.117534-03:00 - Forwarding meta object via WebSocket.
2025-03-02T16:22:24.119084-03:00 - Got new meta object.
2025-03-02T16:22:24.119246-03:00 - Forwarding meta object via WebSocket.
2025-03-02T16:22:29.132658-03:00 - Got new meta object.
2025-03-02T16:22:29.132806-03:00 - Forwarding meta object via WebSocket.
2025-03-02T16:22:34.096914-03:00 - Got new meta object.
2025-03-02T16:22:34.097291-03:00 - Forwarding meta object via WebSocket.
2025-03-02T16:22:39.097725-03:00 - Got new meta object.
2025-03-02T16:22:39.097869-03:00 - Forwarding meta object via WebSocket.
2025-03-02T16:22:44.097658-03:00 - Got new meta object.
2025-03-02T16:22:44.098408-03:00 - Forwarding meta object via WebSocket.
2025-03-02T16:22:49.095160-03:00 - Got new meta object.
2025-03-02T16:22:49.095299-03:00 - Forwarding meta object via WebSocket.
2025-03-02T16:22:54.112744-03:00 - Got new meta object.
2025-03-02T16:22:54.113587-03:00 - Forwarding meta object via WebSocket.
2025-03-02T16:22:59.197645-03:00 - Got new meta object.
2025-03-02T16:22:59.198182-03:00 - Forwarding meta object via WebSocket.
2025-03-02T16:43:36.965404-03:00 - Booting up service for network Testnet
2025-03-02T16:43:36.966048-03:00 - Starting to receive streamed ledger metas from stellar core
2025-03-02T16:43:40.768108-03:00 - Started online streaming.
2025-03-02T16:43:45.767089-03:00 - Got new meta object.
2025-03-02T16:43:45.767438-03:00 - Forwarding meta object via WebSocket.
2025-03-02T16:46:43.527673-03:00 - Got new meta object.
2025-03-02T16:46:43.527973-03:00 - Forwarding meta object via WebSocket.
2025-03-02T16:46:43.532968-03:00 - Got new meta object.
2025-03-02T16:46:43.533081-03:00 - Forwarding meta object via WebSocket.
2025-03-02T16:46:43.538811-03:00 - Got new meta object.
2025-03-02T16:46:43.538949-03:00 - Forwarding meta object via WebSocket.
2025-03-02T16:46:43.547772-03:00 - Got new meta object.
2025-03-02T16:46:43.548331-03:00 - Forwarding meta object via WebSocket.
2025-03-02T16:46:43.555248-03:00 - Got new meta object.
2025-03-02T16:46:43.555967-03:00 - Forwarding meta object via WebSocket.
2025-03-02T16:46:43.560790-03:00 - Got new meta object.
2025-03-02T16:46:43.561497-03:00 - Forwarding meta object via WebSocket.
2025-03-02T16:46:43.566591-03:00 - Got new meta object.
2025-03-02T16:46:43.567299-03:00 - Forwarding meta object via WebSocket.
2025-03-02T16:46:43.572690-03:00 - Got new meta object.
2025-03-02T16:46:43.573377-03:00 - Forwarding meta object via WebSocket.
2025-03-02T16:46:43.578375-03:00 - Got new meta object.
2025-03-02T16:46:43.578990-03:00 - Forwarding meta object via WebSocket.
2025-03-02T16:46:43.581225-03:00 - Got new meta object.
2025-03-02T16:46:43.581347-03:00 - Forwarding meta object via WebSocket.
2025-03-02T16:46:43.583935-03:00 - Got new meta object.
2025-03-02T16:46:43.584034-03:00 - Forwarding meta object via WebSocket.
2025-03-02T16:46:43.587057-03:00 - Got new meta object.
2025-03-02T16:46:43.587183-03:00 - Forwarding meta object via WebSocket.
2025-03-02T16:46:43.589229-03:00 - Got new meta object.
2025-03-02T16:46:43.589266-03:00 - Forwarding meta object via WebSocket.
2025-03-02T16:46:43.602642-03:00 - Got new meta object.
2025-03-02T16:46:43.602789-03:00 - Forwarding meta object via WebSocket.
2025-03-02T16:46:43.618751-03:00 - Got new meta object.
2025-03-02T16:46:43.619182-03:00 - Forwarding meta object via WebSocket.
2025-03-02T16:46:43.634084-03:00 - Got new meta object.
2025-03-02T16:46:43.634449-03:00 - Forwarding meta object via WebSocket.
2025-03-02T16:46:43.644330-03:00 - Got new meta object.
2025-03-02T16:46:43.644793-03:00 - Forwarding meta object via WebSocket.
2025-03-02T16:46:43.651870-03:00 - Got new meta object.
2025-03-02T16:46:43.652294-03:00 - Forwarding meta object via WebSocket.
2025-03-02T16:46:43.659919-03:00 - Got new meta object.
2025-03-02T16:46:43.660403-03:00 - Forwarding meta object via WebSocket.
2025-03-02T16:46:43.667975-03:00 - Got new meta object.
2025-03-02T16:46:43.668443-03:00 - Forwarding meta object via WebSocket.
2025-03-02T16:46:43.674514-03:00 - Got new meta object.
2025-03-02T16:46:43.674621-03:00 - Forwarding meta object via WebSocket.
2025-03-02T16:46:43.680556-03:00 - Got new meta object.
2025-03-02T16:46:43.680589-03:00 - Forwarding meta object via WebSocket.
2025-03-02T16:46:43.686836-03:00 - Got new meta object.
2025-03-02T16:46:43.686913-03:00 - Forwarding meta object via WebSocket.
2025-03-02T16:46:43.694982-03:00 - Got new meta object.
2025-03-02T16:46:43.695146-03:00 - Forwarding meta object via WebSocket.
2025-03-02T16:46:43.702675-03:00 - Got new meta object.
2025-03-02T16:46:43.702753-03:00 - Forwarding meta object via WebSocket.
2025-03-02T16:46:43.709409-03:00 - Got new meta object.
2025-03-02T16:46:43.709504-03:00 - Forwarding meta object via WebSocket.
2025-03-02T16:46:43.717942-03:00 - Got new meta object.
2025-03-02T16:46:43.718387-03:00 - Forwarding meta object via WebSocket.
2025-03-02T16:46:43.726291-03:00 - Got new meta object.
2025-03-02T16:46:43.726766-03:00 - Forwarding meta object via WebSocket.
2025-03-02T16:46:43.734551-03:00 - Got new meta object.
2025-03-02T16:46:43.735008-03:00 - Forwarding meta object via WebSocket.
2025-03-02T16:46:43.742332-03:00 - Got new meta object.
2025-03-02T16:46:43.742806-03:00 - Forwarding meta object via WebSocket.
2025-03-02T16:46:43.750331-03:00 - Got new meta object.
2025-03-02T16:46:43.750753-03:00 - Forwarding meta object via WebSocket.
2025-03-02T16:46:43.759324-03:00 - Got new meta object.
2025-03-02T16:46:43.759767-03:00 - Forwarding meta object via WebSocket.
2025-03-02T16:46:43.766415-03:00 - Got new meta object.
2025-03-02T16:46:43.766526-03:00 - Forwarding meta object via WebSocket.
2025-03-02T16:46:43.773457-03:00 - Got new meta object.
2025-03-02T16:46:43.773549-03:00 - Forwarding meta object via WebSocket.
2025-03-02T16:46:43.780261-03:00 - Got new meta object.
2025-03-02T16:46:43.780368-03:00 - Forwarding meta object via WebSocket.
2025-03-02T16:46:43.787678-03:00 - Got new meta object.
2025-03-02T16:46:43.787758-03:00 - Forwarding meta object via WebSocket.
2025-03-02T16:46:43.795056-03:00 - Got new meta object.
2025-03-02T16:46:43.795170-03:00 - Forwarding meta object via WebSocket.
2025-03-02T16:46:43.802882-03:00 - Got new meta object.
2025-03-02T16:46:43.803341-03:00 - Forwarding meta object via WebSocket.
2025-03-02T16:46:43.811498-03:00 - Got new meta object.
2025-03-02T16:46:43.811888-03:00 - Forwarding meta object via WebSocket.
2025-03-02T16:46:43.817904-03:00 - Got new meta object.
2025-03-02T16:46:43.817935-03:00 - Forwarding meta object via WebSocket.
2025-03-02T16:46:43.825417-03:00 - Got new meta object.
2025-03-02T16:46:43.825827-03:00 - Forwarding meta object via WebSocket.
2025-03-02T16:46:43.833584-03:00 - Got new meta object.
2025-03-02T16:46:43.834079-03:00 - Forwarding meta object via WebSocket.
2025-03-02T16:46:43.841362-03:00 - Got new meta object.
2025-03-02T16:46:43.841779-03:00 - Forwarding meta object via WebSocket.
2025-03-02T16:46:43.848421-03:00 - Got new meta object.
2025-03-02T16:46:43.848783-03:00 - Forwarding meta object via WebSocket.
2025-03-02T16:46:43.854249-03:00 - Got new meta object.
2025-03-02T16:46:43.854317-03:00 - Forwarding meta object via WebSocket.
2025-03-02T16:46:43.860828-03:00 - Got new meta object.
2025-03-02T16:46:43.860928-03:00 - Forwarding meta object via WebSocket.
2025-03-02T16:46:43.866935-03:00 - Got new meta object.
2025-03-02T16:46:43.867028-03:00 - Forwarding meta object via WebSocket.
2025-03-02T16:46:43.873446-03:00 - Got new meta object.
2025-03-02T16:46:43.873525-03:00 - Forwarding meta object via WebSocket.
2025-03-02T16:46:43.879742-03:00 - Got new meta object.
2025-03-02T16:46:43.879829-03:00 - Forwarding meta object via WebSocket.
2025-03-02T16:46:43.889138-03:00 - Got new meta object.
2025-03-02T16:46:43.889733-03:00 - Forwarding meta object via WebSocket.
2025-03-02T16:46:43.896909-03:00 - Got new meta object.
2025-03-02T16:46:43.897366-03:00 - Forwarding meta object via WebSocket.
2025-03-02T16:46:43.904223-03:00 - Got new meta object.
2025-03-02T16:46:43.904566-03:00 - Forwarding meta object via WebSocket.
2025-03-02T16:46:43.911352-03:00 - Got new meta object.
2025-03-02T16:46:43.911759-03:00 - Forwarding meta object via WebSocket.
2025-03-02T16:46:43.918144-03:00 - Got new meta object.
2025-03-02T16:46:43.918623-03:00 - Forwarding meta object via WebSocket.
2025-03-02T16:46:43.931673-03:00 - Got new meta object.
2025-03-02T16:46:43.932194-03:00 - Forwarding meta object via WebSocket.
2025-03-02T16:46:43.938554-03:00 - Got new meta object.
2025-03-02T16:46:43.938618-03:00 - Forwarding meta object via WebSocket.
2025-03-02T16:46:43.945811-03:00 - Got new meta object.
2025-03-02T16:46:43.945945-03:00 - Forwarding meta object via WebSocket.
2025-03-02T16:46:43.960265-03:00 - Got new meta object.
2025-03-02T16:46:43.960337-03:00 - Forwarding meta object via WebSocket.
2025-03-02T16:46:43.974575-03:00 - Got new meta object.
2025-03-02T16:46:43.974747-03:00 - Forwarding meta object via WebSocket.
2025-03-02T16:46:43.978785-03:00 - Got new meta object.
2025-03-02T16:46:43.978841-03:00 - Forwarding meta object via WebSocket.
2025-03-02T16:46:43.982670-03:00 - Got new meta object.
2025-03-02T16:46:43.983240-03:00 - Forwarding meta object via WebSocket.
2025-03-02T16:46:43.985780-03:00 - Got new meta object.
2025-03-02T16:46:43.986192-03:00 - Forwarding meta object via WebSocket.
2025-03-02T16:46:43.988629-03:00 - Got new meta object.
2025-03-02T16:46:43.989158-03:00 - Forwarding meta object via WebSocket.
2025-03-02T16:46:43.992885-03:00 - Got new meta object.
2025-03-02T16:46:43.993258-03:00 - Forwarding meta object via WebSocket.
2025-03-02T16:46:43.997534-03:00 - Got new meta object.
2025-03-02T16:46:43.997982-03:00 - Forwarding meta object via WebSocket.
2025-03-02T16:46:46.363673-03:00 - Got new meta object.
2025-03-02T16:46:46.364837-03:00 - Forwarding meta object via WebSocket.
2025-03-02T16:46:51.330359-03:00 - Got new meta object.
2025-03-02T16:46:51.330656-03:00 - Forwarding meta object via WebSocket.
2025-03-02T16:46:56.331320-03:00 - Got new meta object.
2025-03-02T16:46:56.331715-03:00 - Forwarding meta object via WebSocket.
2025-03-02T16:47:01.333741-03:00 - Got new meta object.
2025-03-02T16:47:01.333932-03:00 - Forwarding meta object via WebSocket.
2025-03-02T16:47:06.336391-03:00 - Got new meta object.
2025-03-02T16:47:06.336609-03:00 - Forwarding meta object via WebSocket.
2025-03-02T16:47:11.376206-03:00 - Got new meta object.
2025-03-02T16:47:11.376377-03:00 - Forwarding meta object via WebSocket.
2025-03-02T16:47:16.375152-03:00 - Got new meta object.
2025-03-02T16:47:16.376029-03:00 - Forwarding meta object via WebSocket.
2025-03-02T16:47:21.405988-03:00 - Got new meta object.
2025-03-02T16:47:21.406717-03:00 - Forwarding meta object via WebSocket.
2025-03-02T16:47:26.447115-03:00 - Got new meta object.
2025-03-02T16:47:26.447651-03:00 - Forwarding meta object via WebSocket.
2025-03-02T16:47:31.442246-03:00 - Got new meta object.
2025-03-02T16:47:31.443328-03:00 - Forwarding meta object via WebSocket.
2025-03-02T16:47:36.466460-03:00 - Got new meta object.
2025-03-02T16:47:36.468234-03:00 - Forwarding meta object via WebSocket.
2025-03-02T16:47:41.477546-03:00 - Got new meta object.
2025-03-02T16:47:41.479299-03:00 - Forwarding meta object via WebSocket.
2025-03-02T16:47:46.394444-03:00 - Booting up service for network Testnet
2025-03-02T16:47:46.394895-03:00 - Starting to receive streamed ledger metas from stellar core
2025-03-02T16:47:46.412213-03:00 - Started online streaming.
2025-03-02T16:47:50.542023-03:00 - Booting up service for network Testnet
2025-03-02T16:47:50.542343-03:00 - Starting to receive streamed ledger metas from stellar core
2025-03-02T16:47:51.521470-03:00 - Started online streaming.
2025-03-02T16:47:54.780815-03:00 - Got new meta object.
2025-03-02T16:47:54.782528-03:00 - Forwarding meta object via WebSocket.
2025-03-02T16:47:54.811285-03:00 - Got new meta object.
2025-03-02T16:47:54.811686-03:00 - Forwarding meta object via WebSocket.
2025-03-02T16:47:56.482117-03:00 - Got new meta object.
2025-03-02T16:47:56.482288-03:00 - Forwarding meta object via WebSocket.
2025-03-02T16:48:01.473407-03:00 - Got new meta object.
2025-03-02T16:48:01.473646-03:00 - Forwarding meta object via WebSocket.
2025-03-02T16:48:06.525261-03:00 - Got new meta object.
2025-03-02T16:48:06.525618-03:00 - Forwarding meta object via WebSocket.
2025-03-02T16:48:11.543428-03:00 - Got new meta object.
2025-03-02T16:48:11.544673-03:00 - Forwarding meta object via WebSocket.
2025-03-02T16:48:16.504978-03:00 - Got new meta object.
2025-03-02T16:48:16.505762-03:00 - Forwarding meta object via WebSocket.
2025-03-02T16:48:21.516649-03:00 - Got new meta object.
2025-03-02T16:48:21.517716-03:00 - Forwarding meta object via WebSocket.
2025-03-02T16:48:26.616206-03:00 - Got new meta object.
2025-03-02T16:48:26.617093-03:00 - Forwarding meta object via WebSocket.
2025-03-02T16:48:31.545946-03:00 - Got new meta object.
2025-03-02T16:48:31.546743-03:00 - Forwarding meta object via WebSocket.
2025-03-02T16:48:36.546947-03:00 - Got new meta object.
2025-03-02T16:48:36.547689-03:00 - Forwarding meta object via WebSocket.
2025-03-02T16:48:41.567189-03:00 - Got new meta object.
2025-03-02T16:48:41.567306-03:00 - Forwarding meta object via WebSocket.
2025-03-02T16:48:46.545050-03:00 - Got new meta object.
2025-03-02T16:48:46.545244-03:00 - Forwarding meta object via WebSocket.
2025-03-02T16:48:51.563043-03:00 - Got new meta object.
2025-03-02T16:48:51.563278-03:00 - Forwarding meta object via WebSocket.
2025-03-02T16:48:56.552911-03:00 - Got new meta object.
2025-03-02T16:48:56.553031-03:00 - Forwarding meta object via WebSocket.
2025-03-02T16:49:01.621886-03:00 - Got new meta object.
2025-03-02T16:49:01.622106-03:00 - Forwarding meta object via WebSocket.
2025-03-02T16:49:06.628626-03:00 - Got new meta object.
2025-03-02T16:49:06.629459-03:00 - Forwarding meta object via WebSocket.
2025-03-02T16:49:11.592534-03:00 - Got new meta object.
2025-03-02T16:49:11.593322-03:00 - Forwarding meta object via WebSocket.
2025-03-02T16:49:16.597908-03:00 - Got new meta object.
2025-03-02T16:49:16.598710-03:00 - Forwarding meta object via WebSocket.
2025-03-02T16:49:21.616825-03:00 - Got new meta object.
2025-03-02T16:49:21.617387-03:00 - Forwarding meta object via WebSocket.
2025-03-02T16:49:26.617370-03:00 - Got new meta object.
2025-03-02T16:49:26.618161-03:00 - Forwarding meta object via WebSocket.
2025-03-02T16:49:31.632430-03:00 - Got new meta object.
2025-03-02T16:49:31.632961-03:00 - Forwarding meta object via WebSocket.
2025-03-02T16:49:36.640332-03:00 - Got new meta object.
2025-03-02T16:49:36.640612-03:00 - Forwarding meta object via WebSocket.
2025-03-02T16:49:41.659429-03:00 - Got new meta object.
2025-03-02T16:49:41.659721-03:00 - Forwarding meta object via WebSocket.
2025-03-02T16:49:46.675752-03:00 - Got new meta object.
2025-03-02T16:49:46.675930-03:00 - Forwarding meta object via WebSocket.
2025-03-02T16:49:51.681948-03:00 - Got new meta object.
2025-03-02T16:49:51.682488-03:00 - Forwarding meta object via WebSocket.
2025-03-02T16:49:56.663140-03:00 - Got new meta object.
2025-03-02T16:49:56.663513-03:00 - Forwarding meta object via WebSocket.
2025-03-02T16:50:01.684868-03:00 - Got new meta object.
2025-03-02T16:50:01.686026-03:00 - Forwarding meta object via WebSocket.
2025-03-02T16:50:06.691879-03:00 - Got new meta object.
2025-03-02T16:50:06.693059-03:00 - Forwarding meta object via WebSocket.
2025-03-02T16:50:11.684713-03:00 - Got new meta object.
2025-03-02T16:50:11.685762-03:00 - Forwarding meta object via WebSocket.
2025-03-02T16:50:16.699080-03:00 - Got new meta object.
2025-03-02T16:50:16.700091-03:00 - Forwarding meta object via WebSocket.
2025-03-02T16:50:21.715450-03:00 - Got new meta object.
2025-03-02T16:50:21.716854-03:00 - Forwarding meta object via WebSocket.
2025-03-02T16:50:26.757369-03:00 - Got new meta object.
2025-03-02T16:50:26.758824-03:00 - Forwarding meta object via WebSocket.
2025-03-02T16:50:31.741934-03:00 - Got new meta object.
2025-03-02T16:50:31.742303-03:00 - Forwarding meta object via WebSocket.
2025-03-02T16:50:36.723082-03:00 - Got new meta object.
2025-03-02T16:50:36.723445-03:00 - Forwarding meta object via WebSocket.
2025-03-02T16:50:41.733089-03:00 - Got new meta object.
2025-03-02T16:50:41.733371-03:00 - Forwarding meta object via WebSocket.
2025-03-02T16:50:46.730804-03:00 - Got new meta object.
2025-03-02T16:50:46.730921-03:00 - Forwarding meta object via WebSocket.
2025-03-02T16:50:51.741897-03:00 - Got new meta object.
2025-03-02T16:50:51.742460-03:00 - Forwarding meta object via WebSocket.
2025-03-02T16:50:56.754005-03:00 - Got new meta object.
2025-03-02T16:50:56.754592-03:00 - Forwarding meta object via WebSocket.
2025-03-02T16:51:01.765427-03:00 - Got new meta object.
2025-03-02T16:51:01.766053-03:00 - Forwarding meta object via WebSocket.
2025-03-02T16:51:06.766979-03:00 - Got new meta object.
2025-03-02T16:51:06.767992-03:00 - Forwarding meta object via WebSocket.
2025-03-02T16:51:11.773027-03:00 - Got new meta object.
2025-03-02T16:51:11.773403-03:00 - Forwarding meta object via WebSocket.
2025-03-02T16:51:16.791524-03:00 - Got new meta object.
2025-03-02T16:51:16.792210-03:00 - Forwarding meta object via WebSocket.
2025-03-02T16:51:21.833913-03:00 - Got new meta object.
2025-03-02T16:51:21.834795-03:00 - Forwarding meta object via WebSocket.
2025-03-02T16:51:26.830490-03:00 - Got new meta object.
2025-03-02T16:51:26.833109-03:00 - Forwarding meta object via WebSocket.
2025-03-02T16:51:31.810140-03:00 - Got new meta object.
2025-03-02T16:51:31.810373-03:00 - Forwarding meta object via WebSocket.
2025-03-02T16:51:36.820418-03:00 - Got new meta object.
2025-03-02T16:51:36.820759-03:00 - Forwarding meta object via WebSocket.
2025-03-02T16:51:41.869772-03:00 - Got new meta object.
2025-03-02T16:51:41.869918-03:00 - Forwarding meta object via WebSocket.
2025-03-02T16:51:46.832218-03:00 - Got new meta object.
2025-03-02T16:51:46.832541-03:00 - Forwarding meta object via WebSocket.
2025-03-02T16:51:51.842357-03:00 - Got new meta object.
2025-03-02T16:51:51.842661-03:00 - Forwarding meta object via WebSocket.
2025-03-02T16:51:56.861574-03:00 - Got new meta object.
2025-03-02T16:51:56.862286-03:00 - Forwarding meta object via WebSocket.
2025-03-02T16:52:01.874727-03:00 - Got new meta object.
2025-03-02T16:52:01.875487-03:00 - Forwarding meta object via WebSocket.
2025-03-02T16:52:06.877585-03:00 - Got new meta object.
2025-03-02T16:52:06.878242-03:00 - Forwarding meta object via WebSocket.
2025-03-02T16:52:11.887034-03:00 - Got new meta object.
2025-03-02T16:52:11.888501-03:00 - Forwarding meta object via WebSocket.
2025-03-02T16:52:16.900595-03:00 - Got new meta object.
2025-03-02T16:52:16.901139-03:00 - Forwarding meta object via WebSocket.
2025-03-02T16:52:21.895999-03:00 - Got new meta object.
2025-03-02T16:52:21.896603-03:00 - Forwarding meta object via WebSocket.
2025-03-02T16:52:26.901128-03:00 - Got new meta object.
2025-03-02T16:52:26.901306-03:00 - Forwarding meta object via WebSocket.
2025-03-02T16:52:31.913834-03:00 - Got new meta object.
2025-03-02T16:52:31.914642-03:00 - Forwarding meta object via WebSocket.
2025-03-02T16:52:36.916801-03:00 - Got new meta object.
2025-03-02T16:52:36.917176-03:00 - Forwarding meta object via WebSocket.
2025-03-02T16:52:41.987232-03:00 - Got new meta object.
2025-03-02T16:52:41.988394-03:00 - Forwarding meta object via WebSocket.
2025-03-02T16:52:47.053736-03:00 - Got new meta object.
2025-03-02T16:52:47.053957-03:00 - Forwarding meta object via WebSocket.
2025-03-02T16:52:52.966986-03:00 - Got new meta object.
2025-03-02T16:52:52.967966-03:00 - Forwarding meta object via WebSocket.
2025-03-02T16:52:56.983737-03:00 - Got new meta object.
2025-03-02T16:52:56.984304-03:00 - Forwarding meta object via WebSocket.
